HI-TECH Software C Compiler 

Linker command line:

--edf=C:\Program Files\HI-TECH Software\PICC-18\PRO\9.63\dat\en_msgs.txt \
  -cs -h+Assignment.sym -z -Q18F4520 -ol.obj -MAssignment.map -E1 \
  -ACODE=00h-07DBFh -ACONST=00h-07DBFh \
  -ASMALLCONST=0600h-06FFhx119,07D00h-07DBFh -AMEDIUMCONST=0600h-07DBFh \
  -ARAM=00h-0FFhx5,0500h-05F3h -ABIGRAM=00h-05F3h -ACOMRAM=00h-07Fh \
  -AABS1=00h-05F3h -ABANK0=00h-0FFh -ABANK1=0100h-01FFh -ABANK2=0200h-02FFh \
  -ABANK3=0300h-03FFh -ABANK4=0400h-04FFh -ABANK5=0500h-05F3h \
  -ANVRAM=0500h-05F3h \
  -preset_vec=00h,intcode,intcodelo,powerup,init,end_init -pramtop=0600h \
  -psmallconst=SMALLCONST -pmediumconst=MEDIUMCONST -pconst=CONST \
  -pparam1=BANK1 -AFARRAM=00h-00h -ACONFIG=0300000h-030000Dh \
  -pconfig=CONFIG -AIDLOC=0200000h-0200007h -pidloc=IDLOC \
  -AEEDATA=0F00000h-0F000FFh -peeprom_data=EEDATA \
  -prdata=COMRAM,nvrram=COMRAM,nvbit=COMRAM,rbss=COMRAM,rbit=COMRAM \
  -pfarbss=FARRAM,fardata=FARRAM \
  -pintsave_regs=BIGRAM,bigbss=BIGRAM,bigdata=BIGRAM -pbss=RAM \
  -pidata=CODE,irdata=CODE,ibigdata=CODE,ifardata=CODE \
  C:\DOCUME~1\u1161851\LOCALS~1\Temp\s3k4.obj Assignment.obj 

Object code version is 3.10

Machine type is 18F4520

Call graph: (short form)

*_main size 0,40 offset 0
     _init size 0,1 offset 40
         _USARTInit size 0,1 offset 41
         _lcd_init size 0,1 offset 41
             _lcd_write size 1,2 offset 43
             _lcd_clear size 0,1 offset 42
                 _lcd_write size 1,2 offset 43
     _lcd_goto size 1,0 offset 40
         _lcd_write size 1,2 offset 43
     _lcd_puts size 2,0 offset 40
         _lcd_write size 1,2 offset 43
     _pause size 2,3 offset 40
     _lcd_clear size 0,1 offset 42
     _PanChange size 4,1 offset 40
         _USARTWriteByte size 1,0 offset 46
     _ModulationLevel size 4,1 offset 40
         _USARTWriteByte size 1,0 offset 46
     _NoteOn size 6,0 offset 40
         _USARTWriteByte size 1,0 offset 46
     _Aftertouch size 6,0 offset 40
         _USARTWriteByte size 1,0 offset 46
     _NoteOff size 4,1 offset 40
         _USARTWriteByte size 1,0 offset 46
*    _sprintf size 6,12 offset 40
*        ___lwdiv size 4,4 offset 58
         ___lwmod size 4,2 offset 58
     _ProgramChange size 4,0 offset 40
         _USARTWriteByte size 1,0 offset 46
     ___awdiv size 4,5 offset 40

Estimated maximum call depth: 4


                Name          Link     Load   Length Selector Space Scale
C:\DOCUME~1\u1161851\LOCALS~1\Temp\s3k4.obj
                init             0        0        C       0     0
                end_init         C        C       16       0     0
                config      300000   300000        A  300000     0
Assignment.obj  smallcons      600      600       8E     300     0
                text14        14FC     14FC       98     347     0
                text15        1444     1444       B8     347     0
                text16        18B0     18B0       10     347     0
                text11        17C2     17C2       2E     347     0
                text12        1626     1626       6A     347     0
                text13        1594     1594       92     347     0
                text17        1860     1860       1E     347     0
                text18        17F0     17F0       28     347     0
                text19        1690     1690       54     347     0
                text2         183C     183C       24     347     0
                text3         1732     1732       30     347     0
                text4         1762     1762       30     347     0
                text0          68E      68E      A66     347     0
                text1         1818     1818       24     347     0
                text8         10F4     10F4      220     347     0
                text9         16E4     16E4       4E     347     0
                text10        189A     189A       16     347     0
                text5         187E     187E       1C     347     0
                text6         1314     1314      130     347     0
                text7         1792     1792       30     347     0

COMMON          param1         100      100       42     100     1

TOTAL           Name          Link     Load   Length  Space
        CLASS   CODE           
                init             0        0        C     0
                end_init         C        C       16     0
                text14        14FC     14FC       98     0
                text15        1444     1444       B8     0
                text16        18B0     18B0       10     0
                text11        17C2     17C2       2E     0
                text12        1626     1626       6A     0
                text13        1594     1594       92     0
                text17        1860     1860       1E     0
                text18        17F0     17F0       28     0
                text19        1690     1690       54     0
                text2         183C     183C       24     0
                text3         1732     1732       30     0
                text4         1762     1762       30     0
                text0          68E      68E      A66     0
                text1         1818     1818       24     0
                text8         10F4     10F4      220     0
                text9         16E4     16E4       4E     0
                text10        189A     189A       16     0
                text5         187E     187E       1C     0
                text6         1314     1314      130     0
                text7         1792     1792       30     0

        CLASS   CONST          

        CLASS   SMALLCONST     
                smallcons      600      600       8E     0

        CLASS   MEDIUMCONST    

        CLASS   RAM            

        CLASS   BIGRAM         

        CLASS   COMRAM         

        CLASS   ABS1           
                abs_s1           0        0       14     1

        CLASS   BANK0          

        CLASS   BANK1          
                param1         100      100       42     1

        CLASS   BANK2          

        CLASS   BANK3          

        CLASS   BANK4          

        CLASS   BANK5          

        CLASS   NVRAM          

        CLASS   FARRAM         

        CLASS   CONFIG         
                config      300000   300000        A     0

        CLASS   IDLOC          

        CLASS   EEDATA         



SEGMENTS        Name           Load    Length   Top     Selector    Space Class

                reset_vec       000000  000022  000022         0       0  CODE    
                param1          000100  000042  000142       100       1  BANK1   
                smallconst      000600  00008E  00068E       300       0  SMALLCON
                idata           00068E  001232  0018C0       347       0  CODE    
                config          300000  00000A  30000A    300000       0  CONFIG  


UNUSED ADDRESS RANGES

        BANK0            000014-0000FF
        BANK1            000142-0001FF
        BANK2            000200-0002FF
        BANK3            000300-0003FF
        BANK4            000400-0004FF
        BANK5            000500-0005F3
        BIGRAM           000014-0000FF
                         000142-0005F3
        CODE             000022-0005FF
                         0018C0-007DBF
        COMRAM           000014-00007F
        CONFIG           30000A-30000D
        CONST            000022-0005FF
                         0018C0-007DBF
        EEDATA           F00000-F000FF
        IDLOC            200000-200007
        MEDIUMCONST      0018C0-007DBF
        NVRAM            000500-0005F3
        RAM              000014-0000FF
                         000142-0005F3
        SMALLCONST       0018C0-007DBF

                                  Symbol Table

??_Aftertouch              param1       00012E
??_ModulationLevel         param1       00012C
??_NoteOff                 param1       00012C
??_NoteOn                  param1       00012E
??_PanChange               param1       00012C
??_ProgramChange           param1       00012C
??_USARTInit               param1       000129
??_USARTWriteByte          param1       00012F
??___awdiv                 param1       00012C
??___lwdiv                 param1       00013E
??___lwmod                 param1       00013E
??_init                    param1       000128
??_lcd_clear               param1       00012A
??_lcd_goto                param1       000129
??_lcd_init                param1       000129
??_lcd_puts                param1       00012A
??_lcd_write               param1       00012C
??_main                    param1       000100
??_pause                   param1       00012A
??_sprintf                 param1       00012E
?_Aftertouch               param1       000128
?_ModulationLevel          param1       000128
?_NoteOff                  param1       000128
?_NoteOn                   param1       000128
?_PanChange                param1       000128
?_ProgramChange            param1       000128
?_USARTInit                param1       000129
?_USARTWriteByte           param1       00012E
?___awdiv                  param1       000128
?___lwdiv                  param1       00013A
?___lwmod                  param1       00013A
?_init                     param1       000128
?_lcd_clear                param1       00012A
?_lcd_goto                 param1       000128
?_lcd_init                 param1       000129
?_lcd_puts                 param1       000128
?_lcd_write                param1       00012B
?_main                     param1       000100
?_pause                    param1       000128
?_sprintf                  param1       000128
Aftertouch@MIDIch          param1       000128
Aftertouch@Pitch           param1       00012A
Aftertouch@Pressure        param1       00012C
F1437                      (abs)        000000
F1540                      (abs)        000005
ModulationLevel@MIDIch     param1       00012A
ModulationLevel@Modulation param1       000128
NoteOff@MIDIch             param1       00012A
NoteOff@Pitch              param1       000128
NoteOn@MIDIch              param1       00012C
NoteOn@Pitch               param1       000128
NoteOn@Velocity            param1       00012A
PanChange@MIDIch           param1       00012A
PanChange@Pan              param1       000128
ProgramChange@MIDIch       param1       000128
ProgramChange@instrument   param1       00012A
USARTWriteByte@ch          param1       00012E
_ADCON0                    (abs)        000FC2
_ADCON1                    (abs)        000FC1
_ADFM                      (abs)        007E07
_ADIE                      (abs)        007CEE
_ADIF                      (abs)        007CF6
_ADRESH                    (abs)        000FC4
_ADRESL                    (abs)        000FC3
_Aftertouch                text2        00183C
_BRG16                     (abs)        007DC3
_BRGH                      (abs)        007D62
_CREN                      (abs)        007D5C
_GODONE                    (abs)        007E11
_ModulationLevel           text4        001762
_NoteOff                   text7        001792
_NoteOn                    text1        001818
_PORTB                     (abs)        000F81
_PORTD                     (abs)        000F83
_PanChange                 text3        001732
_ProgramChange             text5        00187E
_RA4                       (abs)        007C04
_RA5                       (abs)        007C05
_RB0                       (abs)        007C08
_RB4                       (abs)        007C0C
_RB5                       (abs)        007C0D
_RCIF                      (abs)        007CF5
_RCREG                     (abs)        000FAE
_RD4                       (abs)        007C1C
_RD5                       (abs)        007C1D
_RD6                       (abs)        007C1E
_RD7                       (abs)        007C1F
_SPBRG                     (abs)        000FAF
_SPEN                      (abs)        007D5F
_TRISA                     (abs)        000F92
_TRISB                     (abs)        000F93
_TRISB0                    (abs)        007C98
_TRISC                     (abs)        000F94
_TRISC6                    (abs)        007CA6
_TRISC7                    (abs)        007CA7
_TRISD                     (abs)        000F95
_TXEN                      (abs)        007D65
_TXIF                      (abs)        007CF4
_TXREG                     (abs)        000FAD
_USARTInit                 text17       001860
_USARTWriteByte            text16       0018B0
__Bnvbit                   nvbit        000014
__Brbit                    rbit         000014
__HRAM                     (abs)        000000
__Habsbss0                 (abs)        000014
__Hbigbss                  bigbss       000142
__Hbigdata                 bigdata      000142
__Hbss                     bss          000014
__Hclrtext                 clrtext      00068E
__Hconfig                  config       30000A
__Hconst                   const        00068E
__Hdata                    data         00068E
__Heeprom_data             eeprom_data  F00000
__Hend_init                end_init     000022
__Hfarbss                  farbss       000000
__Hfardata                 fardata      000000
__Hibigdata                ibigdata     00068E
__Hidata                   idata        00068E
__Hidloc                   idloc        200000
__Hifardata                ifardata     00068E
__Hinit                    init         00000C
__Hintcode                 intcode      000000
__Hintcodelo               intcodelo    000000
__Hintentry                intentry     00068E
__Hintret                  intret       00068E
__Hintsave_regs            intsave_regs 000142
__Hirdata                  irdata       00068E
__Hmediumconst             mediumconst  00068E
__Hnvbit                   nvbit        0000A0
__Hnvram                   nvram        00068E
__Hnvrram                  nvrram       000014
__Hparam                   param1       000142
__Hparam0                  param0       00068E
__Hparam1                  param1       000142
__Hparam2                  param2       00068E
__Hparam3                  param3       00068E
__Hparam4                  param4       00068E
__Hparam5                  param5       00068E
__Hpowerup                 powerup      000000
__Hramtop                  ramtop       000600
__Hrbit                    rbit         0000A0
__Hrbss                    rbss         000014
__Hrdata                   rdata        000014
__Hreset_vec               reset_vec    000000
__Hrparam                  rparam       00068E
__Hsmallconst              smallconst   00068E
__Hstruct                  struct       000014
__Htemp                    temp         000014
__Htext                    text         00068E
__Htext0                   text0        00068E
__Htext1                   text1        00068E
__Htext10                  text10       00068E
__Htext11                  text11       00068E
__Htext12                  text12       00068E
__Htext13                  text13       00068E
__Htext14                  text14       00068E
__Htext15                  text15       00068E
__Htext16                  text16       00068E
__Htext17                  text17       00068E
__Htext18                  text18       00068E
__Htext19                  text19       00068E
__Htext2                   text2        00068E
__Htext3                   text3        00068E
__Htext4                   text4        00068E
__Htext5                   text5        00068E
__Htext6                   text6        00068E
__Htext7                   text7        00068E
__Htext8                   text8        00068E
__Htext9                   text9        00068E
__LRAM                     (abs)        000001
__Labsbss0                 (abs)        000000
__Lbigbss                  bigbss       000142
__Lbigdata                 bigdata      000142
__Lbss                     bss          000014
__Lclrtext                 clrtext      00068E
__Lconfig                  config       300000
__Lconst                   const        00068E
__Ldata                    (abs)        000000
__Leeprom_data             eeprom_data  F00000
__Lend_init                end_init     00000C
__Lfarbss                  farbss       000000
__Lfardata                 fardata      000000
__Libigdata                ibigdata     00068E
__Lidata                   idata        00068E
__Lidloc                   idloc        200000
__Lifardata                ifardata     00068E
__Linit                    init         000000
__Lintcode                 intcode      000000
__Lintcodelo               intcodelo    000000
__Lintentry                intentry     00068E
__Lintret                  intret       00068E
__Lintsave_regs            intsave_regs 000142
__Lirdata                  irdata       00068E
__Lmediumconst             mediumconst  00068E
__Lnvbit                   nvbit        0000A0
__Lnvram                   nvram        00068E
__Lnvrram                  nvrram       000014
__Lparam                   param1       000100
__Lparam0                  param0       00068E
__Lparam1                  param1       000100
__Lparam2                  param2       00068E
__Lparam3                  param3       00068E
__Lparam4                  param4       00068E
__Lparam5                  param5       00068E
__Lpowerup                 powerup      000000
__Lramtop                  ramtop       000600
__Lrbit                    rbit         0000A0
__Lrbss                    rbss         000014
__Lrdata                   rdata        000014
__Lreset_vec               reset_vec    000000
__Lrparam                  rparam       00068E
__Lsmallconst              smallconst   000600
__Lstruct                  struct       000014
__Ltemp                    temp         000014
__Ltext                    text         00068E
__Ltext0                   text0        00068E
__Ltext1                   text1        00068E
__Ltext10                  text10       00068E
__Ltext11                  text11       00068E
__Ltext12                  text12       00068E
__Ltext13                  text13       00068E
__Ltext14                  text14       00068E
__Ltext15                  text15       00068E
__Ltext16                  text16       00068E
__Ltext17                  text17       00068E
__Ltext18                  text18       00068E
__Ltext19                  text19       00068E
__Ltext2                   text2        00068E
__Ltext3                   text3        00068E
__Ltext4                   text4        00068E
__Ltext5                   text5        00068E
__Ltext6                   text6        00068E
__Ltext7                   text7        00068E
__Ltext8                   text8        00068E
__Ltext9                   text9        00068E
__S0                       (abs)        F00000
__S1                       (abs)        000500
___awdiv                   text6        001314
___awdiv@counter           param1       00012C
___awdiv@dividend          param1       000128
___awdiv@divisor           param1       00012A
___awdiv@quotient          param1       00012E
___awdiv@sign              param1       00012D
___lwdiv                   text15       001444
___lwdiv@counter           param1       00013E
___lwdiv@dividend          param1       00013A
___lwdiv@divisor           param1       00013C
___lwdiv@quotient          param1       00013F
___lwmod                   text14       0014FC
___lwmod@counter           param1       00013E
___lwmod@dividend          param1       00013A
___lwmod@divisor           param1       00013C
__accesstop                (abs)        000080
__activetblptr             (abs)        000002
__config1                  (abs)        000200
__config2                  (abs)        001E1F
__config3                  (abs)        008100
__config4                  (abs)        0000C1
__config5                  (abs)        00C00F
__end_of_Aftertouch        text2        001860
__end_of_ModulationLevel   text4        001792
__end_of_NoteOff           text7        0017C2
__end_of_NoteOn            text1        00183C
__end_of_PanChange         text3        001762
__end_of_ProgramChange     text5        00189A
__end_of_USARTInit         text17       00187E
__end_of_USARTWriteByte    text16       0018C0
__end_of___awdiv           text6        001444
__end_of___lwdiv           text15       0014FC
__end_of___lwmod           text14       001594
__end_of_init              text11       0017F0
__end_of_lcd_clear         text18       001818
__end_of_lcd_goto          text10       0018B0
__end_of_lcd_init          text13       001626
__end_of_lcd_puts          text12       001690
__end_of_lcd_write         text19       0016E4
__end_of_main              text0        0010F4
__end_of_pause             text9        001732
__end_of_sprintf           text8        001314
__mediumconst              mediumconst  00068E
__ramtop                   ramtop       000600
__smallconst               smallconst   000600
_dpowers                   smallconst   000601
_exit                      init         000000
_init                      text11       0017C2
_lcd_clear                 text18       0017F0
_lcd_goto                  text10       00189A
_lcd_init                  text13       001594
_lcd_puts                  text12       001626
_lcd_write                 text19       001690
_main                      text0        00068E
_pause                     text9        0016E4
_sprintf                   text8        0010F4
intlevel0                  text         0018C0
intlevel1                  text         0018C0
intlevel2                  text         0018C0
intlevel3                  text         0018C0
lcd_goto@pos               param1       000128
lcd_puts@s                 param1       000128
lcd_write@Hn               param1       00012C
lcd_write@Ln               param1       00012D
lcd_write@c                param1       00012B
main@MIDIchannel           param1       00010B
main@Modulation            param1       00010D
main@Pan                   param1       00010F
main@Pitch                 param1       000113
main@Veltotal              param1       000111
main@adc_left              param1       00010C
main@adc_right             param1       000109
main@channel               param1       00010A
main@count                 param1       000100
main@counter               param1       000101
main@instrument            param1       000115
main@last_value            param1       000103
main@ledtest               param1       000102
main@outString             param1       000117
main@state_machine         param1       000104
main@state_machine1        param1       000105
main@state_machine2        param1       000106
main@state_machine3        param1       000107
main@state_machine4        param1       000108
pause@i                    param1       00012A
pause@j                    param1       000128
sprintf@_val               param1       000133
sprintf@ap                 param1       000131
sprintf@c                  param1       000130
sprintf@f                  param1       00012A
sprintf@flag               param1       00012E
sprintf@prec               param1       00012F
sprintf@sp                 param1       000128
start                      init         000000
